-- Model 0 sim0
.probe
  .back_absorption = back_absorption sim0 = 1
  .background = background_0 = -9.97217e-09 in [-1e-07,1e-05]
  .intensity = 0.948177 in [0.9,1.05]
  .sample_broadening = 0.0198448 in [-0.005,0.02]
  .theta_offset = -0.0039671 in [-0.015,0.005]
.sample
  .layers
    [0]
      .interface = siox_interface = 2.75697 in [2,9]
      .material
        .irho = silicon irho = 0
        .rho = silicon rho = 2.069
      .thickness = silicon thickness = 0
    [1]
      .interface = siox_interface = 2.75697 in [2,9]
      .material
        .irho = siox irho = 0
        .rho = rho_siox = 3.80984 in [3.1,5.1]
      .thickness = siox_thickness = 8.4819 in [5,40]
    [2]
      .interface = tiox interface = 0
      .material
        .irho = tiox irho = 0
        .rho = rho_tiox = 2.37406 in [1.163,3.163]
      .thickness = tiox_thickness = 115.914 in [66.379,266.38]
    [3]
      .bulknsld = rho_solv_0 = 5.97623 in [5.3,6.5]
      .global_rough = tiox_roughness = 6.7496 in [2,9]
      .interface = bilayer interface
      .l_lipid1 = inner_acyl_chain_thickness = 12.7289 in [8,16]
      .l_lipid2 = outer_acyl_chain_thickness = 13.0129 in [8,16]
      .l_submembrane = submembrane_thickness = 14.6195 in [0,50]
      .rho_substrate = rho_tiox = 2.37406 in [1.163,3.163]
      .sigma = bilayer_roughness = 3.34463 in [2,9]
      .thickness = bilayer thickness = 150
      .vf_bilayer = volume_fraction_bilayer = 0.909414 in [0,1]
    [4]
      .interface = d2o interface = 5
      .material
        .irho = d2o irho = 0
        .rho = rho_solv_0 = 5.97623 in [5.3,6.5]
      .thickness = d2o thickness = 0
  .thickness = Stack thickness = 274.396

[chisq=10.38(16), nllf=586.323]
-- Model 1 sim1
.probe
  .back_absorption = back_absorption sim1 = 1
  .background = background_1 = 6.09834e-06 in [-1e-07,1e-05]
  .intensity = 0.948177 in [0.9,1.05]
  .sample_broadening = 0.0198448 in [-0.005,0.02]
  .theta_offset = -0.0039671 in [-0.015,0.005]
.sample
  .layers
    [0]
      .interface = siox_interface = 2.75697 in [2,9]
      .material
        .irho = silicon irho = 0
        .rho = silicon rho = 2.069
      .thickness = silicon thickness = 0
    [1]
      .interface = siox_interface = 2.75697 in [2,9]
      .material
        .irho = siox irho = 0
        .rho = rho_siox = 3.80984 in [3.1,5.1]
      .thickness = siox_thickness = 8.4819 in [5,40]
    [2]
      .interface = tiox interface = 0
      .material
        .irho = tiox irho = 0
        .rho = rho_tiox = 2.37406 in [1.163,3.163]
      .thickness = tiox_thickness = 115.914 in [66.379,266.38]
    [3]
      .bulknsld = rho_solv_1 = -0.170803 in [-0.6,0.6]
      .global_rough = tiox_roughness = 6.7496 in [2,9]
      .interface = bilayer interface
      .l_lipid1 = inner_acyl_chain_thickness = 12.7289 in [8,16]
      .l_lipid2 = outer_acyl_chain_thickness = 13.0129 in [8,16]
      .l_submembrane = submembrane_thickness = 14.6195 in [0,50]
      .rho_substrate = rho_tiox = 2.37406 in [1.163,3.163]
      .sigma = bilayer_roughness = 3.34463 in [2,9]
      .thickness = bilayer thickness = 150
      .vf_bilayer = volume_fraction_bilayer = 0.909414 in [0,1]
    [4]
      .interface = h2o interface = 5
      .material
        .irho = h2o irho = 0
        .rho = rho_solv_1 = -0.170803 in [-0.6,0.6]
      .thickness = h2o thickness = 0
  .thickness = Stack thickness = 274.396

[chisq=4.60(16), nllf=259.807]
[overall chisq=7.051(84), nllf=846.13]
              Parameter       mean  median    best [   68% interval] [   95% interval]
 1         background_0 1.9(13)e-6 0.00000170 -0.00000001 [0.0000006 0.0000033] [0.0000000 0.0000047]
 2            intensity  0.978(43)   0.977   0.948 [   0.93    1.03] [   0.90    1.05]
 3    sample_broadening 8.7(73)e-3  0.0096  0.0198 [  0.000   0.017] [ -0.004   0.020]
 4         theta_offset -4.3(56)e-3 -0.0039 -0.0040 [ -0.011   0.002] [ -0.014   0.005]
 5       siox_interface    5.5(20)   5.651   2.757 [   3.14    8.00] [   2.16    8.71]
 6             rho_siox   3.81(58)   3.662   3.810 [   3.21    4.49] [   3.12    4.99]
 7       siox_thickness     16(11)   11.01    8.48 [    5.9    30.2] [    5.1    38.2]
 8             rho_tiox   2.23(26)   2.287   2.374 [   2.03    2.44] [   1.47    2.59]
 9       tiox_thickness    134(49)   114.9   115.9 [     97     196] [     73     259]
10           rho_solv_0   5.93(21)   5.940   5.976 [   5.70    6.16] [   5.47    6.31]
11       tiox_roughness    5.6(20)   5.659   6.750 [   3.17    7.89] [   2.15    8.83]
12 inner_acyl_chain_thickness   12.3(22)  12.259  12.729 [   9.88   14.86] [   8.30   15.80]
13 outer_acyl_chain_thickness   12.5(22)  12.671  13.013 [   9.96   15.01] [   8.57   15.85]
14 submembrane_thickness   15.6(55)   14.90   14.62 [   10.6    20.9] [    6.8    28.5]
15    bilayer_roughness    4.7(18)   4.549   3.345 [   2.79    6.73] [   2.16    8.17]
16 volume_fraction_bilayer   0.81(17)   0.860   0.909 [   0.69    0.95] [   0.30    0.99]
17         background_1 4.7(26)e-6 0.00000448 0.00000610 [0.0000018 0.0000078] [0.0000003 0.0000095]
18           rho_solv_1  -0.03(33)  -0.043  -0.171 [  -0.42    0.36] [  -0.55    0.57]

Statistics and plots based on 9000 samples (100% of total samples drawn)
