-- Model 0 sim0.dat
.background = background0 = 0.159139 in [0.01,0.8]
.radius = 59.4136 in [40,80]
.radius_pd = 0.499726 in [0.3,0.5]
.radius_pd_n = 35
.radius_pd_nsigma = 3
.scale = 0.00510992 in [0.001,0.006]
.sld = 3.55855 in [2,4]
.sld_M0 = 0
.sld_mphi = 0
.sld_mtheta = 0
.sld_solvent = sld_solvent0 = 4.18788 in [-0.56,6.4]
.sld_solvent_M0 = 0
.sld_solvent_mphi = 0
.sld_solvent_mtheta = 0
.up_frac_f = 0
.up_frac_i = 0
.up_phi = 0
.up_theta = 90

[chisq=15.511(29), nllf=1900.14]
-- Model 1 sim1.dat
.background = background1 = 0.295581 in [0.01,0.8]
.radius = 59.4136 in [40,80]
.radius_pd = 0.499726 in [0.3,0.5]
.radius_pd_n = 35
.radius_pd_nsigma = 3
.scale = 0.00510992 in [0.001,0.006]
.sld = 3.55855 in [2,4]
.sld_M0 = 0
.sld_mphi = 0
.sld_mtheta = 0
.sld_solvent = sld_solvent1 = 3.70407 in [-0.56,6.4]
.sld_solvent_M0 = 0
.sld_solvent_mphi = 0
.sld_solvent_mtheta = 0
.up_frac_f = 0
.up_frac_i = 0
.up_phi = 0
.up_theta = 90

[chisq=19.193(29), nllf=2351.15]
[overall chisq=17.212(19), nllf=4251.29]
              Parameter       mean  median    best [   68% interval] [   95% interval]
 1          background0 0.15898(20) 0.158988 0.159139 [0.15881 0.15915] [0.15851 0.15934]
 2               radius   63.2(36)   62.41   59.41 [   60.0    67.3] [   58.2    71.9]
 3            radius_pd  0.452(41)   0.462   0.500 [   0.41    0.49] [   0.35    0.50]
 4                scale 2.7(13)e-3 0.00236 0.00511 [ 0.0014  0.0042] [ 0.0011  0.0057]
 5                  sld   2.94(55)   2.916   3.559 [   2.33    3.56] [   2.07    3.97]
 6         sld_solvent0    3.1(11)   3.198   4.188 [   1.71    4.17] [   1.10    5.02]
 7          background1 0.29553(22) 0.29556 0.29558 [ 0.2953  0.2957] [ 0.2950  0.2960]
 8         sld_solvent1   2.99(60)   2.986   3.704 [   2.27    3.65] [   1.91    4.16]

Statistics and plots based on 8000 samples (100% of total samples drawn)
